<?xml version="1.0" encoding="UTF-8"?><mappingRoot xmlns="http://www.ibm.com/2008/ccl/Mapping" domainID="com.ibm.msl.mapping.xml" domainIDExtension="mb" mainMap="true" targetNamespace="default" version="8.0.5.0" xmlns:map="default">
    <input path="jar:file://!com/ibm/etools/mft/map/xsds/predefined/JsonDomainMsg.xsd" var="var"/>
    <input derivedFrom="MB:JSON_schema_in_swagger_document" path="/swagger.json" var="var1"/>
    <output path="db:table(/iibdb.dbm,iibdb,iibdb,customer)" var="customer"/>
    <namespaces>
        <namespace kind="supplement" prefix="in" uri="http://www.ibm.com/iib/msl/json"/>
    </namespaces>
    <generation engine="xquery"/>
    <mappingDeclaration name="postCustomers_Mapping">
        <input derivedFrom="MB:JSON_operation_name:postCustomers" namespace="http://www.ibm.com/iib/msl/json" path="$var/mb:msg(JSON,assembly,JSON,Properties,LocalEnvironment)" var="ComIbmMessageAssembly_JSON">
            <cast derivedFrom="MB:JSON_operation_request" path="$ComIbmMessageAssembly_JSON/JSON/Data/type('anyType')" qualifier="{http://www.ibm.com/iib/msl/json}customer" ref="var1" var="anyType"/>
        </input>
        <output path="$customer/db:insert(fn:false(),firstname,lastname,customerid,customer_id,store_id,first_name,last_name,email,address_id,active,create_date,last_update)" var="dbinsert"/>
        <insert ref="dbinsert">
            <input path="$ComIbmMessageAssembly_JSON/JSON/spath('Data',2)"/>
            <output path="$dbinsert/."/>
            <move>
                <input path="firstname"/>
                <output path="firstname"/>
            </move>
            <move>
                <input path="lastname"/>
                <output path="lastname"/>
            </move>
            <move>
                <input path="customerid"/>
                <output path="customerid"/>
            </move>
        </insert>
    </mappingDeclaration>
</mappingRoot>